<html>
<body>
<pre>
<h1>µVision Build Log</h1>
<h2>Tool Versions:</h2>
IDE-Version: ¦ÌVision V5.18.0.0
Copyright (C) 2016 ARM Ltd and ARM Germany GmbH. All rights reserved.
License Information: SY Microsoft, Microsoft, LIC=ATTRA-1GVH8-KPDZY-I5TJI-5XIRK-SIUBF
 
Tool Versions:
Toolchain:       MDK-ARM Standard  Version: 5.18
Toolchain Path:  C:\Keil_v5\ARM\ARMCC\Bin
C Compiler:      Armcc.exe V5.06 update 1 (build 61)
Assembler:       Armasm.exe V5.06 update 1 (build 61)
Linker/Locator:  ArmLink.exe V5.06 update 1 (build 61)
Library Manager: ArmAr.exe V5.06 update 1 (build 61)
Hex Converter:   FromElf.exe V5.06 update 1 (build 61)
CPU DLL:         SARMCM3.DLL V5.18
Dialog DLL:      DCM.DLL V1.13.6.0
Target DLL:      Segger\JL2CM3.dll V2.99.18.0
Dialog DLL:      TCM.DLL V1.14.8.0
 
<h2>Project:</h2>
E:\GIT\DTS-2500_HMI0031_SWE_MANUAL\DTS-2500_HMI0031\PROJECT\DTS-2500_HMI0030.uvprojx
Project File Date:  05/19/2016

<h2>Output:</h2>
*** Using Compiler 'V5.06 update 1 (build 61)', folder: 'C:\Keil_v5\ARM\ARMCC\Bin'
Build target 'DTS-2500_HMI0030'
compiling PageManage.c...
compiling main.c...
compiling initial.c...
compiling TestSelect.c...
compiling MainPage.c...
compiling TestParameter.c...
compiling SearchReport.c...
compiling TestReport.c...
compiling DetailReport.c...
compiling SystemSet.c...
compiling ControlParameter.c...
compiling ExtendParameter.c...
compiling CalibrationTable.c...
compiling TimeDate.c...
compiling OnlineParameter.c...
compiling SoftActive.c...
compiling SystemPassword.c...
compiling CalibrationParameter.c...
compiling ForceCalibration.c...
compiling TestAfterDispose.c...
compiling AdvanceParameter.c...
compiling SystemBackup.c...
compiling UnitSelect.c...
compiling ModelSelect.c...
compiling SystemInfomation.c...
compiling HardTest.c...
compiling SystemRestore.c...
compiling ChannelSelect.c...
compiling UserLogin.c...
compiling LinkMode.c...
compiling FileManager.c...
compiling CurveShow.c...
compiling TestTypeSelect.c...
compiling bsp_assert.c...
compiling bsp.c...
compiling bsp_timer.c...
compiling bsp_uart.c...
compiling bsp_io.c...
compiling bsp_pcf8563.c...
compiling bsp_crc16.c...
compiling bsp_date.c...
compiling bsp_print.c...
compiling bsp_ra8875.c...
compiling bsp_sdio_sd.c...
compiling bsp_lcd.c...
compiling bsp_spi_flash.c...
compiling bsp_flash.c...
compiling bsp_uid.c...
compiling client.c...
compiling bsp_lan8720.c...
compiling usb_bsp.c...
compiling netconf.c...
compiling usbh_usr.c...
compiling bsp_rtc.c...
compiling bsp_dwt.c...
compiling global.c...
compiling typewrite.c...
compiling gui.c...
compiling tools.c...
compiling cmd.c...
compiling active.c...
compiling prm.c...
compiling protocol.c...
compiling pcm.c...
compiling usb.c...
compiling printer.c...
compiling report.c...
compiling diskio.c...
compiling ethernetif.c...
linking...
Program Size: Code=297672 RO-data=32312 RW-data=1116 ZI-data=167172  
FromELF: creating hex file...
After Build - User command #1: fromelf --bin -o ..\BIN\SWE_HMI0031(SYOR1.3.2.1)_160122.bin ..\OUTPUT\OBJ\DTS-2500_HMI0030.axf
"..\OUTPUT\OBJ\DTS-2500_HMI0030.axf" - 0 Error(s), 0 Warning(s).

<h2>Software Packages used:</h2>

Package Vendor: ARM
                http://www.keil.com/pack/ARM.CMSIS.4.3.0.pack
                ARM::CMSIS:CORE:4.1.0
                CMSIS (Cortex Microcontroller Software Interface Standard)
   * Component: CORE Version: 4.1.0

<h2>Collection of Component include folders:</h2>
  E:\GIT\DTS-2500_HMI0031_SWE_MANUAL\DTS-2500_HMI0031\PROJECT\RTE
  C:\Keil_v5\ARM\PACK\ARM\CMSIS\4.3.0\CMSIS\Include
  C:\Keil_v5\ARM\PACK\Keil\STM32F4xx_DFP\2.7.0\Drivers\CMSIS\Device\ST\STM32F4xx\Include

<h2>Collection of Component Files used:</h2>

   * Component: ARM::CMSIS:CORE:4.1.0
Build Time Elapsed:  00:01:58
</pre>
</body>
</html>
