<html>
<body>
<pre>
<h1>µVision Build Log</h1>
<h2>Tool Versions:</h2>
IDE-Version: ¦ÌVision V5.16a
Copyright (C) 2015 ARM Ltd and ARM Germany GmbH. All rights reserved.
License Information: SY Microsoft, Microsoft, LIC=3UURA-1PEMU-8YIVV-PHUKN-NT059-V03GL
 
Tool Versions:
Toolchain:       MDK-ARM Professional  Version: 5.16a
Toolchain Path:  C:\Keil_v5\ARM\ARMCC\Bin
C Compiler:      Armcc.exe V5.06 (build 20)
Assembler:       Armasm.exe V5.06 (build 20)
Linker/Locator:  ArmLink.exe V5.06 (build 20)
Library Manager: ArmAr.exe V5.06 (build 20)
Hex Converter:   FromElf.exe V5.06 (build 20)
CPU DLL:         SARMCM3.DLL V5.16a
Dialog DLL:      DCM.DLL V1.13.2.0
Target DLL:      Segger\JL2CM3.dll V2.99.15.2
Dialog DLL:      TCM.DLL V1.14.5.0
 
<h2>Project:</h2>
E:\GIT\DTS-2500_HMI0031_SWE_MANUAL\DTS-2500_HMI0031\PROJECT\DTS-2500_HMI0030.uvprojx
Project File Date:  01/04/2016

<h2>Output:</h2>
*** Using Compiler 'V5.06 (build 20)', folder: 'C:\Keil_v5\ARM\ARMCC\Bin'
Build target 'DTS-2500_HMI0030'
compiling TestParameter.c...
linking...
Program Size: Code=269836 RO-data=30744 RW-data=1024 ZI-data=139496  
FromELF: creating hex file...
After Build - User command #1: fromelf --bin -o ..\BIN\DTS-2500_HMI0030(SYOR1.0.0.0)_151221.bin ..\OUTPUT\OBJ\DTS-2500_HMI0030.axf
"..\OUTPUT\OBJ\DTS-2500_HMI0030.axf" - 0 Error(s), 0 Warning(s).

<h2>Software Packages used:</h2>

Package Vendor: ARM
                http://www.keil.com/pack/ARM.CMSIS.4.3.0.pack
                ARM::CMSIS:CORE:4.1.0
                CMSIS (Cortex Microcontroller Software Interface Standard)
   * Component: CORE Version: 4.1.0

<h2>Collection of Component include folders:</h2>
  E:\GIT\DTS-2500_HMI0031_SWE_MANUAL\DTS-2500_HMI0031\PROJECT\RTE
  C:\Keil_v5\ARM\PACK\ARM\CMSIS\4.3.0\CMSIS\Include
  C:\Keil_v5\ARM\PACK\Keil\STM32F4xx_DFP\2.7.0\Drivers\CMSIS\Device\ST\STM32F4xx\Include

<h2>Collection of Component Files used:</h2>

   * Component: ARM::CMSIS:CORE:4.1.0
Build Time Elapsed:  00:00:06
</pre>
</body>
</html>
