<html>
<body>
<pre>
<h1>µVision Build Log</h1>
<h2>Tool Versions:</h2>
IDE-Version: ¦ÌVision V5.16a
Copyright (C) 2015 ARM Ltd and ARM Germany GmbH. All rights reserved.
License Information: SY Microsoft, Microsoft, LIC=3UURA-1PEMU-8YIVV-PHUKN-NT059-V03GL
 
Tool Versions:
Toolchain:       MDK-ARM Professional  Version: 5.16a
Toolchain Path:  C:\Keil_v5\ARM\ARMCC\Bin
C Compiler:      Armcc.exe V5.06 (build 20)
Assembler:       Armasm.exe V5.06 (build 20)
Linker/Locator:  ArmLink.exe V5.06 (build 20)
Library Manager: ArmAr.exe V5.06 (build 20)
Hex Converter:   FromElf.exe V5.06 (build 20)
CPU DLL:         SARMCM3.DLL V5.16a
Dialog DLL:      DCM.DLL V1.13.2.0
Target DLL:      Segger\JL2CM3.dll V2.99.15.2
Dialog DLL:      TCM.DLL V1.14.5.0
 
<h2>Project:</h2>
E:\GIT\DTS-2500_HMI0031_SWE_MANUAL\DTS-2500_HMI0031\PROJECT\DTS-2500_HMI0030.uvprojx
Project File Date:  02/19/2016

<h2>Output:</h2>
*** Using Compiler 'V5.06 (build 20)', folder: 'C:\Keil_v5\ARM\ARMCC\Bin'
Build target 'DTS-2500_HMI0030'
compiling main.c...
compiling PageManage.c...
compiling initial.c...
..\APP\src\initial.c(66): warning:  #1215-D: #warning directive: "Version : Demo"
  		#warning "Version : Demo"
..\APP\src\initial.c: 1 warning, 0 errors
compiling TestSelect.c...
compiling MainPage.c...
compiling TestParameter.c...
compiling SearchReport.c...
compiling DetailReport.c...
compiling TestReport.c...
compiling SystemSet.c...
compiling ControlParameter.c...
compiling CalibrationTable.c...
compiling TimeDate.c...
compiling SoftActive.c...
compiling OnlineParameter.c...
compiling SystemPassword.c...
compiling CalibrationParameter.c...
compiling ForceCalibration.c...
compiling TestAfterDispose.c...
compiling AdvanceParameter.c...
compiling ModelSelect.c...
compiling UnitSelect.c...
compiling SystemBackup.c...
compiling SystemRestore.c...
compiling SystemInfomation.c...
compiling HardTest.c...
compiling UserLogin.c...
compiling LinkMode.c...
compiling ChannelSelect.c...
compiling CurveShow.c...
compiling bsp.c...
compiling TestTypeSelect.c...
compiling bsp_timer.c...
compiling bsp_assert.c...
compiling bsp_pcf8563.c...
compiling bsp_uart.c...
compiling bsp_io.c...
compiling bsp_crc16.c...
compiling bsp_date.c...
compiling bsp_print.c...
compiling bsp_sdio_sd.c...
compiling bsp_ra8875.c...
compiling bsp_flash.c...
compiling bsp_spi_flash.c...
compiling bsp_lcd.c...
compiling bsp_uid.c...
compiling bsp_lan8720.c...
compiling client.c...
compiling usb_bsp.c...
compiling usbh_usr.c...
compiling netconf.c...
compiling bsp_rtc.c...
compiling bsp_dwt.c...
compiling global.c...
compiling typewrite.c...
compiling gui.c...
compiling tools.c...
compiling cmd.c...
compiling active.c...
compiling pcm.c...
compiling prm.c...
compiling protocol.c...
compiling report.c...
compiling usb.c...
compiling printer.c...
compiling diskio.c...
compiling ethernetif.c...
linking...
Program Size: Code=278348 RO-data=31260 RW-data=1120 ZI-data=138756  
FromELF: creating hex file...
After Build - User command #1: fromelf --bin -o ..\BIN\SWE_HMI0031(SYOR1.0.0.0)_160122.bin ..\OUTPUT\OBJ\DTS-2500_HMI0030.axf
"..\OUTPUT\OBJ\DTS-2500_HMI0030.axf" - 0 Error(s), 1 Warning(s).

<h2>Software Packages used:</h2>

Package Vendor: ARM
                http://www.keil.com/pack/ARM.CMSIS.4.3.0.pack
                ARM::CMSIS:CORE:4.1.0
                CMSIS (Cortex Microcontroller Software Interface Standard)
   * Component: CORE Version: 4.1.0

<h2>Collection of Component include folders:</h2>
  E:\GIT\DTS-2500_HMI0031_SWE_MANUAL\DTS-2500_HMI0031\PROJECT\RTE
  C:\Keil_v5\ARM\PACK\ARM\CMSIS\4.3.0\CMSIS\Include
  C:\Keil_v5\ARM\PACK\Keil\STM32F4xx_DFP\2.7.0\Drivers\CMSIS\Device\ST\STM32F4xx\Include

<h2>Collection of Component Files used:</h2>

   * Component: ARM::CMSIS:CORE:4.1.0
Build Time Elapsed:  00:01:06
</pre>
</body>
</html>
