<html>
<body>
<pre>
<h1>µVision Build Log</h1>
<h2>Tool Versions:</h2>
IDE-Version: ¦ÌVision V5.18.0.0
Copyright (C) 2016 ARM Ltd and ARM Germany GmbH. All rights reserved.
License Information: SY Microsoft, Microsoft, LIC=ATTRA-1GVH8-KPDZY-I5TJI-5XIRK-SIUBF
 
Tool Versions:
Toolchain:       MDK-ARM Standard  Version: 5.18
Toolchain Path:  C:\Keil_v5\ARM\ARMCC\Bin
C Compiler:      Armcc.exe V5.06 update 1 (build 61)
Assembler:       Armasm.exe V5.06 update 1 (build 61)
Linker/Locator:  ArmLink.exe V5.06 update 1 (build 61)
Library Manager: ArmAr.exe V5.06 update 1 (build 61)
Hex Converter:   FromElf.exe V5.06 update 1 (build 61)
CPU DLL:         SARMCM3.DLL V5.18
Dialog DLL:      DCM.DLL V1.13.6.0
Target DLL:      Segger\JL2CM3.dll V2.99.18.0
Dialog DLL:      TCM.DLL V1.14.8.0
 
<h2>Project:</h2>
E:\GIT\DTS-2500_HMI0031_SWE_MANUAL\DTS-2500_HMI0031\PROJECT\DTS-2500_HMI0030.uvprojx
Project File Date:  04/07/2016

<h2>Output:</h2>
*** Using Compiler 'V5.06 update 1 (build 61)', folder: 'C:\Keil_v5\ARM\ARMCC\Bin'
Build target 'DTS-2500_HMI0030'
compiling initial.c...
..\APP\src\initial.c(66): warning:  #1215-D: #warning directive: "Version : Demo"
  		#warning "Version : Demo"
..\APP\src\initial.c: 1 warning, 0 errors
compiling PageManage.c...
compiling main.c...
compiling TestParameter.c...
compiling TestSelect.c...
compiling MainPage.c...
compiling SearchReport.c...
compiling TestReport.c...
compiling DetailReport.c...
compiling SystemSet.c...
compiling ExtendParameter.c...
compiling ControlParameter.c...
compiling CalibrationTable.c...
compiling OnlineParameter.c...
compiling TimeDate.c...
compiling SoftActive.c...
compiling CalibrationParameter.c...
compiling SystemPassword.c...
compiling ForceCalibration.c...
compiling AdvanceParameter.c...
compiling TestAfterDispose.c...
compiling ModelSelect.c...
compiling UnitSelect.c...
compiling SystemBackup.c...
compiling SystemRestore.c...
compiling SystemInfomation.c...
compiling HardTest.c...
compiling LinkMode.c...
compiling UserLogin.c...
compiling ChannelSelect.c...
compiling TestTypeSelect.c...
compiling FileManager.c...
compiling CurveShow.c...
compiling bsp.c...
compiling bsp_uart.c...
compiling bsp_assert.c...
compiling bsp_timer.c...
compiling bsp_io.c...
compiling bsp_crc16.c...
compiling bsp_pcf8563.c...
compiling bsp_date.c...
compiling bsp_print.c...
compiling bsp_sdio_sd.c...
compiling bsp_ra8875.c...
compiling bsp_lcd.c...
compiling bsp_flash.c...
compiling bsp_uid.c...
compiling bsp_spi_flash.c...
compiling bsp_lan8720.c...
compiling client.c...
compiling usb_bsp.c...
compiling netconf.c...
compiling usbh_it.c...
compiling bsp_rtc.c...
compiling usbh_usr.c...
compiling bsp_dwt.c...
compiling global.c...
compiling typewrite.c...
compiling gui.c...
compiling tools.c...
compiling active.c...
compiling cmd.c...
compiling pcm.c...
compiling prm.c...
compiling protocol.c...
compiling report.c...
compiling ustdlib.c...
compiling isqrt.c...
compiling ustring.c...
compiling usb.c...
compiling misc.c...
compiling printer.c...
compiling stm32f4xx_gpio.c...
compiling stm32f4xx_rcc.c...
compiling stm32f4xx_usart.c...
compiling stm32f4xx_tim.c...
compiling stm32f4xx_spi.c...
compiling stm32f4xx_dma.c...
compiling stm32f4xx_sdio.c...
compiling stm32f4xx_fsmc.c...
compiling stm32f4xx_flash.c...
compiling stm32f4xx_syscfg.c...
compiling stm32f4x7_eth.c...
assembling startup_stm32f40_41xxx.s...
compiling stm32f4xx_pwr.c...
compiling stm32f4xx_rtc.c...
compiling system_stm32f4xx.c...
compiling stm32f4xx_it.c...
compiling diskio.c...
compiling ff.c...
compiling ccsbcs.c...
compiling api_lib.c...
compiling api_msg.c...
compiling err.c...
compiling netbuf.c...
compiling netdb.c...
compiling netifapi.c...
compiling tcpip.c...
compiling stats.c...
compiling sys.c...
compiling tcp.c...
compiling tcp_out.c...
..\LWIP-1.3.1\src\core\tcp_out.c(458): warning:  #550-D: variable "tcphdr" was set but never used
    struct tcp_hdr *tcphdr;
..\LWIP-1.3.1\src\core\tcp_out.c(871): warning:  #550-D: variable "tcphdr" was set but never used
    struct tcp_hdr *tcphdr;
..\LWIP-1.3.1\src\core\tcp_out.c(925): warning:  #550-D: variable "tcphdr" was set but never used
    struct tcp_hdr *tcphdr;
..\LWIP-1.3.1\src\core\tcp_out.c: 3 warnings, 0 errors
compiling tcp_in.c...
compiling udp.c...
compiling dhcp.c...
compiling init.c...
compiling mem.c...
..\LWIP-1.3.1\src\core\mem.c(184): warning:  #550-D: variable "mem_sem" was set but never used
  static sys_sem_t mem_sem;
..\LWIP-1.3.1\src\core\mem.c: 1 warning, 0 errors
compiling memp.c...
compiling netif.c...
compiling pbuf.c...
compiling raw.c...
compiling autoip.c...
compiling igmp.c...
compiling icmp.c...
compiling inet.c...
compiling inet_chksum.c...
compiling ip_addr.c...
compiling ip.c...
compiling ip_frag.c...
compiling etharp.c...
compiling usbh_msc_bot.c...
compiling usbh_msc_core.c...
compiling ethernetif.c...
compiling usbh_msc_scsi.c...
compiling usbh_core.c...
compiling usbh_hcs.c...
compiling usbh_ioreq.c...
compiling usbh_stdreq.c...
compiling usb_hcd_int.c...
compiling usb_core.c...
compiling usb_hcd.c...
linking...
Program Size: Code=296020 RO-data=32212 RW-data=1120 ZI-data=163936  
FromELF: creating hex file...
After Build - User command #1: fromelf --bin -o ..\BIN\SWE_HMI0031(SYOR1.0.0.0)_160122.bin ..\OUTPUT\OBJ\DTS-2500_HMI0030.axf
"..\OUTPUT\OBJ\DTS-2500_HMI0030.axf" - 0 Error(s), 5 Warning(s).

<h2>Software Packages used:</h2>

Package Vendor: ARM
                http://www.keil.com/pack/ARM.CMSIS.4.3.0.pack
                ARM::CMSIS:CORE:4.1.0
                CMSIS (Cortex Microcontroller Software Interface Standard)
   * Component: CORE Version: 4.1.0

<h2>Collection of Component include folders:</h2>
  E:\GIT\DTS-2500_HMI0031_SWE_MANUAL\DTS-2500_HMI0031\PROJECT\RTE
  C:\Keil_v5\ARM\PACK\ARM\CMSIS\4.3.0\CMSIS\Include
  C:\Keil_v5\ARM\PACK\Keil\STM32F4xx_DFP\2.7.0\Drivers\CMSIS\Device\ST\STM32F4xx\Include

<h2>Collection of Component Files used:</h2>

   * Component: ARM::CMSIS:CORE:4.1.0
Build Time Elapsed:  00:01:58
</pre>
</body>
</html>
